2023-03-05 12:20:45,490 - INFO - Current Version: _2023-03-05T00:28:08Z
2023-03-05 12:20:45,490 - INFO - Latest Version: _2023-03-05T00:28:08Z
2023-03-05 12:20:45,561 - INFO - Current Version: _2023-03-05T00:28:08Z
2023-03-05 12:20:45,561 - INFO - Latest Version: _2023-03-05T00:28:08Z
2023-03-05 12:20:45,561 - INFO - Starting Game
2023-03-05 12:30:03,720 - INFO - Current Version: _2023-03-05T00:28:08Z
2023-03-05 12:30:03,720 - INFO - Latest Version: _2023-03-05T00:28:08Z
2023-03-05 12:30:03,788 - INFO - Current Version: _2023-03-05T00:28:08Z
2023-03-05 12:30:03,788 - INFO - Latest Version: _2023-03-05T00:28:08Z
2023-03-05 12:30:03,788 - INFO - Starting Game
2023-03-05 12:43:19,766 - INFO - Current Version: _2023-03-05T00:28:08Z
2023-03-05 12:43:19,766 - INFO - Latest Version: _2023-03-05T00:28:08Z
2023-03-05 12:43:19,839 - INFO - Current Version: _2023-03-05T00:28:08Z
2023-03-05 12:43:19,839 - INFO - Latest Version: _2023-03-05T00:28:08Z
2023-03-05 12:43:19,839 - INFO - Starting Game
2023-03-05 12:44:20,366 - INFO - Current Version: _2023-03-05T00:28:08Z
2023-03-05 12:44:20,366 - INFO - Latest Version: _2023-03-05T00:28:08Z
2023-03-05 12:44:20,434 - INFO - Current Version: _2023-03-05T00:28:08Z
2023-03-05 12:44:20,434 - INFO - Latest Version: _2023-03-05T00:28:08Z
2023-03-05 12:44:20,434 - INFO - Starting Game
2023-03-05 12:44:40,660 - INFO - uploading logs to cloud
2023-03-05 12:44:40,685 - INFO - uploading logs to cloud
2023-03-05 12:44:40,688 - INFO - uploading logs to cloud
2023-03-05 12:44:40,690 - INFO - uploading logs to cloud
2023-03-05 12:44:40,691 - INFO - uploading logs to cloud
2023-03-05 12:44:40,693 - INFO - uploading logs to cloud
2023-03-05 12:44:40,695 - INFO - uploading logs to cloud
2023-03-05 12:44:40,696 - INFO - uploading logs to cloud
2023-03-05 12:44:40,696 - INFO - uploading logs to cloud
2023-03-05 12:44:40,697 - INFO - uploading logs to cloud
2023-03-05 12:44:40,698 - INFO - uploading logs to cloud
2023-03-05 12:44:40,699 - INFO - uploading logs to cloud
2023-03-05 12:44:40,699 - INFO - uploading logs to cloud
2023-03-05 12:44:40,699 - INFO - uploading logs to cloud
2023-03-05 12:44:40,700 - INFO - uploading logs to cloud
2023-03-05 12:44:40,700 - INFO - uploading logs to cloud
2023-03-05 12:44:40,701 - INFO - uploading logs to cloud
2023-03-05 12:44:40,701 - INFO - uploading logs to cloud
2023-03-05 12:44:40,702 - INFO - uploading logs to cloud
2023-03-05 12:44:40,702 - INFO - uploading logs to cloud
2023-03-05 12:44:40,703 - INFO - uploading logs to cloud
2023-03-05 12:44:40,703 - INFO - uploading logs to cloud
2023-03-05 12:44:40,704 - INFO - uploading logs to cloud
2023-03-05 12:44:40,704 - INFO - uploading logs to cloud
2023-03-05 12:44:40,705 - INFO - uploading logs to cloud
2023-03-05 12:44:40,706 - INFO - uploading logs to cloud
2023-03-05 12:44:40,706 - INFO - uploading logs to cloud
2023-03-05 12:44:40,706 - INFO - uploading logs to cloud
2023-03-05 12:44:40,707 - INFO - uploading logs to cloud
2023-03-05 12:44:40,707 - INFO - uploading logs to cloud
2023-03-05 12:44:40,708 - INFO - uploading logs to cloud
2023-03-05 12:44:40,708 - INFO - uploading logs to cloud
2023-03-05 12:44:40,708 - INFO - uploading logs to cloud
2023-03-05 12:44:40,709 - INFO - uploading logs to cloud
2023-03-05 12:44:40,709 - INFO - uploading logs to cloud
2023-03-05 12:44:40,710 - INFO - uploading logs to cloud
2023-03-05 12:44:40,710 - INFO - uploading logs to cloud
2023-03-05 12:44:40,710 - INFO - uploading logs to cloud
2023-03-05 12:44:40,711 - INFO - uploading logs to cloud
2023-03-05 12:44:40,711 - INFO - uploading logs to cloud
2023-03-05 12:44:40,711 - INFO - uploading logs to cloud
2023-03-05 12:44:40,712 - INFO - uploading logs to cloud
2023-03-05 12:44:40,712 - INFO - uploading logs to cloud
2023-03-05 12:44:40,713 - INFO - uploading logs to cloud
2023-03-05 12:44:40,713 - INFO - uploading logs to cloud
2023-03-05 12:44:40,714 - INFO - uploading logs to cloud
2023-03-05 12:44:40,714 - INFO - uploading logs to cloud
2023-03-05 12:44:40,715 - INFO - uploading logs to cloud
2023-03-05 12:44:40,715 - INFO - uploading logs to cloud
2023-03-05 12:44:40,715 - INFO - uploading logs to cloud
2023-03-05 12:44:40,716 - INFO - uploading logs to cloud
2023-03-05 12:44:40,716 - INFO - uploading logs to cloud
2023-03-05 12:44:40,716 - INFO - uploading logs to cloud
2023-03-05 12:44:40,723 - INFO - uploading logs to cloud
2023-03-05 12:44:40,724 - INFO - uploading logs to cloud
2023-03-05 12:44:40,726 - INFO - uploading logs to cloud
2023-03-05 12:44:40,727 - INFO - uploading logs to cloud
2023-03-05 12:44:40,748 - INFO - uploading logs to cloud
2023-03-05 12:44:40,750 - INFO - uploading logs to cloud
2023-03-05 12:44:40,751 - INFO - uploading logs to cloud
2023-03-05 12:44:40,763 - INFO - uploading logs to cloud
2023-03-05 12:44:40,764 - INFO - uploading logs to cloud
2023-03-05 12:44:40,765 - INFO - uploading logs to cloud
2023-03-05 12:44:40,771 - INFO - uploading logs to cloud
2023-03-05 12:44:40,772 - INFO - uploading logs to cloud
2023-03-05 12:44:40,772 - INFO - uploading logs to cloud
2023-03-05 12:44:40,777 - INFO - uploading logs to cloud
2023-03-05 12:44:40,781 - INFO - uploading logs to cloud
2023-03-05 12:44:40,788 - INFO - uploading logs to cloud
2023-03-05 12:44:40,792 - INFO - uploading logs to cloud
2023-03-05 12:44:40,797 - INFO - uploading logs to cloud
2023-03-05 12:44:40,801 - INFO - uploading logs to cloud
2023-03-05 12:44:40,806 - INFO - uploading logs to cloud
2023-03-05 12:44:40,810 - INFO - uploading logs to cloud
2023-03-05 12:44:40,817 - INFO - uploading logs to cloud
2023-03-05 12:44:40,818 - INFO - uploading logs to cloud
2023-03-05 12:44:40,818 - INFO - uploading logs to cloud
2023-03-05 12:44:40,823 - INFO - uploading logs to cloud
2023-03-05 12:44:40,823 - INFO - uploading logs to cloud
2023-03-05 12:44:40,824 - INFO - uploading logs to cloud
2023-03-05 12:44:40,828 - INFO - uploading logs to cloud
2023-03-05 12:44:40,832 - INFO - uploading logs to cloud
2023-03-05 12:44:40,837 - INFO - uploading logs to cloud
2023-03-05 12:44:40,844 - INFO - uploading logs to cloud
2023-03-05 12:44:40,848 - INFO - uploading logs to cloud
2023-03-05 12:44:40,852 - INFO - uploading logs to cloud
2023-03-05 12:44:40,857 - INFO - uploading logs to cloud
2023-03-05 12:44:40,861 - INFO - uploading logs to cloud
2023-03-05 12:44:40,862 - INFO - uploading logs to cloud
2023-03-05 12:44:40,862 - INFO - uploading logs to cloud
2023-03-05 12:44:40,867 - INFO - uploading logs to cloud
2023-03-05 12:44:40,871 - INFO - uploading logs to cloud
2023-03-05 12:44:40,876 - INFO - uploading logs to cloud
2023-03-05 12:44:40,877 - INFO - uploading logs to cloud
2023-03-05 12:44:40,878 - INFO - uploading logs to cloud
2023-03-05 12:44:40,882 - INFO - uploading logs to cloud
2023-03-05 12:44:40,886 - INFO - uploading logs to cloud
2023-03-05 12:44:40,891 - INFO - uploading logs to cloud
2023-03-05 12:44:40,895 - INFO - uploading logs to cloud
2023-03-05 12:44:40,899 - INFO - uploading logs to cloud
2023-03-05 12:44:40,904 - INFO - uploading logs to cloud
2023-03-05 12:44:40,908 - INFO - uploading logs to cloud
2023-03-05 12:44:40,909 - INFO - uploading logs to cloud
2023-03-05 12:44:40,909 - INFO - uploading logs to cloud
2023-03-05 12:44:40,914 - INFO - uploading logs to cloud
2023-03-05 12:44:40,918 - INFO - uploading logs to cloud
2023-03-05 12:44:40,922 - INFO - uploading logs to cloud
2023-03-05 12:44:40,926 - INFO - uploading logs to cloud
2023-03-05 12:44:40,931 - INFO - uploading logs to cloud
2023-03-05 12:44:40,935 - INFO - uploading logs to cloud
2023-03-05 12:44:40,940 - INFO - uploading logs to cloud
2023-03-05 12:44:40,946 - INFO - uploading logs to cloud
2023-03-05 12:44:40,950 - INFO - uploading logs to cloud
2023-03-05 12:44:40,957 - INFO - uploading logs to cloud
2023-03-05 12:44:40,961 - INFO - uploading logs to cloud
2023-03-05 12:44:40,969 - INFO - uploading logs to cloud
2023-03-05 12:44:40,971 - INFO - uploading logs to cloud
2023-03-05 12:44:40,972 - INFO - uploading logs to cloud
2023-03-05 12:44:40,985 - INFO - uploading logs to cloud
2023-03-05 12:44:40,986 - INFO - uploading logs to cloud
2023-03-05 12:44:40,987 - INFO - uploading logs to cloud
2023-03-05 12:44:40,989 - INFO - uploading logs to cloud
2023-03-05 12:44:40,996 - INFO - uploading logs to cloud
2023-03-05 12:44:40,998 - INFO - uploading logs to cloud
2023-03-05 12:44:41,002 - INFO - uploading logs to cloud
2023-03-05 12:44:41,009 - INFO - uploading logs to cloud
2023-03-05 12:44:41,009 - INFO - uploading logs to cloud
2023-03-05 12:44:41,010 - INFO - uploading logs to cloud
2023-03-05 12:44:41,011 - INFO - uploading logs to cloud
2023-03-05 12:44:41,012 - INFO - uploading logs to cloud
2023-03-05 12:44:41,014 - INFO - uploading logs to cloud
2023-03-05 12:44:41,015 - INFO - uploading logs to cloud
2023-03-05 12:44:41,016 - INFO - uploading logs to cloud
2023-03-05 12:44:41,017 - INFO - uploading logs to cloud
2023-03-05 12:44:41,019 - INFO - uploading logs to cloud
2023-03-05 12:44:41,020 - INFO - uploading logs to cloud
2023-03-05 12:44:41,021 - INFO - uploading logs to cloud
2023-03-05 12:44:41,022 - INFO - uploading logs to cloud
2023-03-05 12:44:41,023 - INFO - uploading logs to cloud
2023-03-05 12:44:41,025 - INFO - uploading logs to cloud
2023-03-05 12:44:41,026 - INFO - uploading logs to cloud
2023-03-05 12:44:41,027 - INFO - uploading logs to cloud
2023-03-05 12:44:41,028 - INFO - uploading logs to cloud
2023-03-05 12:44:41,029 - INFO - uploading logs to cloud
2023-03-05 12:44:41,031 - INFO - uploading logs to cloud
2023-03-05 12:44:41,032 - INFO - uploading logs to cloud
2023-03-05 12:44:41,033 - INFO - uploading logs to cloud
2023-03-05 12:44:41,040 - INFO - uploading logs to cloud
2023-03-05 12:44:41,041 - INFO - uploading logs to cloud
2023-03-05 12:44:41,042 - INFO - uploading logs to cloud
2023-03-05 12:44:41,052 - INFO - uploading logs to cloud
2023-03-05 12:44:41,053 - INFO - uploading logs to cloud
2023-03-05 12:44:41,054 - INFO - uploading logs to cloud
2023-03-05 12:44:41,054 - INFO - uploading logs to cloud
2023-03-05 12:44:41,056 - INFO - uploading logs to cloud
2023-03-05 12:44:41,057 - INFO - uploading logs to cloud
2023-03-05 12:44:41,058 - INFO - uploading logs to cloud
2023-03-05 12:44:41,059 - INFO - uploading logs to cloud
2023-03-05 12:44:41,070 - INFO - uploading logs to cloud
2023-03-05 12:44:41,071 - INFO - uploading logs to cloud
2023-03-05 12:44:41,072 - INFO - uploading logs to cloud
2023-03-05 12:44:41,072 - INFO - uploading logs to cloud
2023-03-05 12:44:41,074 - INFO - uploading logs to cloud
2023-03-05 12:44:41,075 - INFO - uploading logs to cloud
2023-03-05 12:44:41,076 - INFO - uploading logs to cloud
2023-03-05 12:44:41,077 - INFO - uploading logs to cloud
2023-03-05 12:44:41,086 - INFO - uploading logs to cloud
2023-03-05 12:44:41,098 - INFO - uploading logs to cloud
2023-03-05 12:44:41,099 - INFO - uploading logs to cloud
2023-03-05 12:44:41,114 - INFO - uploading logs to cloud
2023-03-05 12:44:41,124 - INFO - uploading logs to cloud
2023-03-05 12:44:41,129 - INFO - uploading logs to cloud
2023-03-05 12:44:41,134 - INFO - uploading logs to cloud
2023-03-05 12:44:41,140 - INFO - uploading logs to cloud
2023-03-05 12:44:41,141 - INFO - uploading logs to cloud
2023-03-05 12:44:41,148 - INFO - uploading logs to cloud
2023-03-05 12:44:41,155 - INFO - uploading logs to cloud
2023-03-05 12:44:41,163 - INFO - uploading logs to cloud
2023-03-05 12:44:41,167 - INFO - uploading logs to cloud
2023-03-05 12:44:41,172 - INFO - uploading logs to cloud
2023-03-05 12:44:41,176 - INFO - uploading logs to cloud
2023-03-05 12:44:41,180 - INFO - uploading logs to cloud
2023-03-05 12:44:41,184 - INFO - uploading logs to cloud
2023-03-05 12:44:41,189 - INFO - uploading logs to cloud
2023-03-05 12:44:41,193 - INFO - uploading logs to cloud
2023-03-05 12:44:41,197 - INFO - uploading logs to cloud
2023-03-05 12:44:41,202 - INFO - uploading logs to cloud
2023-03-05 12:44:41,206 - INFO - uploading logs to cloud
2023-03-05 12:44:41,207 - INFO - uploading logs to cloud
2023-03-05 12:44:41,207 - INFO - uploading logs to cloud
2023-03-05 12:44:41,212 - INFO - uploading logs to cloud
2023-03-05 12:44:41,216 - INFO - uploading logs to cloud
2023-03-05 12:44:41,221 - INFO - uploading logs to cloud
2023-03-05 12:44:41,225 - INFO - uploading logs to cloud
2023-03-05 12:44:41,229 - INFO - uploading logs to cloud
2023-03-05 12:44:41,237 - INFO - uploading logs to cloud
2023-03-05 12:44:41,243 - INFO - uploading logs to cloud
2023-03-05 12:44:41,254 - INFO - uploading logs to cloud
2023-03-05 12:44:41,255 - INFO - uploading logs to cloud
2023-03-05 12:44:41,256 - INFO - uploading logs to cloud
2023-03-05 12:44:41,260 - INFO - uploading logs to cloud
2023-03-05 12:44:41,265 - INFO - uploading logs to cloud
2023-03-05 12:44:41,270 - INFO - uploading logs to cloud
2023-03-05 12:44:41,274 - INFO - uploading logs to cloud
2023-03-05 12:44:41,279 - INFO - uploading logs to cloud
2023-03-05 12:44:41,283 - INFO - uploading logs to cloud
2023-03-05 12:44:41,287 - INFO - uploading logs to cloud
2023-03-05 12:44:41,292 - INFO - uploading logs to cloud
2023-03-05 12:44:41,297 - INFO - uploading logs to cloud
2023-03-05 12:44:41,298 - INFO - uploading logs to cloud
2023-03-05 12:44:41,303 - INFO - uploading logs to cloud
2023-03-05 12:44:41,304 - INFO - uploading logs to cloud
2023-03-05 12:44:41,305 - INFO - uploading logs to cloud
2023-03-05 12:44:41,306 - INFO - uploading logs to cloud
2023-03-05 12:44:41,307 - INFO - uploading logs to cloud
2023-03-05 12:44:41,308 - INFO - uploading logs to cloud
2023-03-05 12:44:41,308 - INFO - uploading logs to cloud
2023-03-05 12:44:41,309 - INFO - uploading logs to cloud
2023-03-05 12:44:41,310 - INFO - uploading logs to cloud
2023-03-05 12:44:41,315 - INFO - uploading logs to cloud
2023-03-05 12:44:41,320 - INFO - uploading logs to cloud
2023-03-05 12:44:41,325 - INFO - uploading logs to cloud
2023-03-05 12:44:41,329 - INFO - uploading logs to cloud
2023-03-05 12:44:41,334 - INFO - uploading logs to cloud
2023-03-05 12:44:41,338 - INFO - uploading logs to cloud
2023-03-05 12:44:41,343 - INFO - uploading logs to cloud
2023-03-05 12:44:41,347 - INFO - uploading logs to cloud
2023-03-05 12:44:41,348 - INFO - uploading logs to cloud
2023-03-05 12:44:41,348 - INFO - uploading logs to cloud
2023-03-05 12:44:41,353 - INFO - uploading logs to cloud
2023-03-05 12:44:41,353 - INFO - uploading logs to cloud
2023-03-05 12:44:41,354 - INFO - uploading logs to cloud
2023-03-05 12:44:41,359 - INFO - uploading logs to cloud
2023-03-05 12:44:41,363 - INFO - uploading logs to cloud
2023-03-05 12:44:41,367 - INFO - uploading logs to cloud
2023-03-05 12:44:41,373 - INFO - uploading logs to cloud
2023-03-05 12:44:41,377 - INFO - uploading logs to cloud
2023-03-05 12:44:41,382 - INFO - uploading logs to cloud
2023-03-05 12:44:41,386 - INFO - uploading logs to cloud
2023-03-05 12:44:41,390 - INFO - uploading logs to cloud
2023-03-05 12:44:41,395 - INFO - uploading logs to cloud
2023-03-05 12:44:41,395 - INFO - uploading logs to cloud
2023-03-05 12:44:41,396 - INFO - uploading logs to cloud
2023-03-05 12:44:41,400 - INFO - uploading logs to cloud
2023-03-05 12:44:41,404 - INFO - uploading logs to cloud
2023-03-05 12:44:41,409 - INFO - uploading logs to cloud
2023-03-05 12:44:41,413 - INFO - uploading logs to cloud
2023-03-05 12:44:41,418 - INFO - uploading logs to cloud
2023-03-05 12:44:41,422 - INFO - uploading logs to cloud
2023-03-05 12:44:41,427 - INFO - uploading logs to cloud
2023-03-05 12:44:41,431 - INFO - uploading logs to cloud
2023-03-05 12:44:41,435 - INFO - uploading logs to cloud
2023-03-05 12:44:41,439 - INFO - uploading logs to cloud
2023-03-05 12:44:41,444 - INFO - uploading logs to cloud
2023-03-05 12:44:41,448 - INFO - uploading logs to cloud
2023-03-05 12:44:41,449 - INFO - uploading logs to cloud
2023-03-05 12:44:41,449 - INFO - uploading logs to cloud
2023-03-05 12:44:41,454 - INFO - uploading logs to cloud
2023-03-05 12:44:41,458 - INFO - uploading logs to cloud
2023-03-05 12:44:41,462 - INFO - uploading logs to cloud
2023-03-05 12:44:41,470 - INFO - uploading logs to cloud
2023-03-05 12:44:41,477 - INFO - uploading logs to cloud
2023-03-05 12:44:41,487 - INFO - uploading logs to cloud
2023-03-05 12:44:41,489 - INFO - uploading logs to cloud
2023-03-05 12:44:41,490 - INFO - uploading logs to cloud
2023-03-05 12:44:41,491 - INFO - uploading logs to cloud
2023-03-05 12:44:41,493 - INFO - uploading logs to cloud
2023-03-05 12:44:41,494 - INFO - uploading logs to cloud
2023-03-05 12:44:41,495 - INFO - uploading logs to cloud
2023-03-05 12:44:41,497 - INFO - uploading logs to cloud
2023-03-05 12:44:41,498 - INFO - uploading logs to cloud
2023-03-05 12:44:41,499 - INFO - uploading logs to cloud
2023-03-05 12:44:41,500 - INFO - uploading logs to cloud
2023-03-05 12:44:41,501 - INFO - uploading logs to cloud
2023-03-05 12:44:41,503 - INFO - uploading logs to cloud
2023-03-05 12:44:41,504 - INFO - uploading logs to cloud
2023-03-05 12:44:41,506 - INFO - uploading logs to cloud
2023-03-05 12:44:41,507 - INFO - uploading logs to cloud
2023-03-05 12:44:41,508 - INFO - uploading logs to cloud
2023-03-05 12:44:41,509 - INFO - uploading logs to cloud
2023-03-05 12:44:41,511 - INFO - uploading logs to cloud
2023-03-05 12:44:41,512 - INFO - uploading logs to cloud
2023-03-05 12:44:41,513 - INFO - uploading logs to cloud
2023-03-05 12:44:41,515 - INFO - uploading logs to cloud
2023-03-05 12:44:41,516 - INFO - uploading logs to cloud
2023-03-05 12:44:41,517 - INFO - uploading logs to cloud
2023-03-05 12:44:41,518 - INFO - uploading logs to cloud
2023-03-05 12:44:41,520 - INFO - uploading logs to cloud
2023-03-05 12:44:41,521 - INFO - uploading logs to cloud
2023-03-05 12:44:41,522 - INFO - uploading logs to cloud
2023-03-05 12:44:41,523 - INFO - uploading logs to cloud
2023-03-05 12:44:41,525 - INFO - uploading logs to cloud
2023-03-05 12:44:41,526 - INFO - uploading logs to cloud
2023-03-05 12:44:41,527 - INFO - uploading logs to cloud
2023-03-05 12:44:41,529 - INFO - uploading logs to cloud
2023-03-05 12:44:41,530 - INFO - uploading logs to cloud
2023-03-05 12:44:41,531 - INFO - uploading logs to cloud
2023-03-05 12:44:41,532 - INFO - uploading logs to cloud
2023-03-05 12:44:41,534 - INFO - uploading logs to cloud
2023-03-05 12:44:41,535 - INFO - uploading logs to cloud
2023-03-05 12:44:41,536 - INFO - uploading logs to cloud
2023-03-05 12:44:41,538 - INFO - uploading logs to cloud
2023-03-05 12:44:41,539 - INFO - uploading logs to cloud
2023-03-05 12:44:41,540 - INFO - uploading logs to cloud
2023-03-05 12:44:41,541 - INFO - uploading logs to cloud
2023-03-05 12:44:41,543 - INFO - uploading logs to cloud
2023-03-05 12:44:41,544 - INFO - uploading logs to cloud
2023-03-05 12:44:41,545 - INFO - uploading logs to cloud
2023-03-05 12:44:41,546 - INFO - uploading logs to cloud
2023-03-05 12:44:41,547 - INFO - uploading logs to cloud
2023-03-05 12:44:41,548 - INFO - uploading logs to cloud
2023-03-05 12:44:41,550 - INFO - uploading logs to cloud
2023-03-05 12:44:41,551 - INFO - uploading logs to cloud
2023-03-05 12:44:41,552 - INFO - uploading logs to cloud
2023-03-05 12:44:41,554 - INFO - uploading logs to cloud
2023-03-05 12:44:41,555 - INFO - uploading logs to cloud
2023-03-05 12:44:41,556 - INFO - uploading logs to cloud
2023-03-05 12:44:41,557 - INFO - uploading logs to cloud
2023-03-05 12:44:41,558 - INFO - uploading logs to cloud
2023-03-05 12:44:41,559 - INFO - uploading logs to cloud
2023-03-05 12:44:41,561 - INFO - uploading logs to cloud
2023-03-05 12:44:41,562 - INFO - uploading logs to cloud
2023-03-05 12:44:41,563 - INFO - uploading logs to cloud
2023-03-05 12:44:41,564 - INFO - uploading logs to cloud
2023-03-05 12:44:41,566 - INFO - uploading logs to cloud
2023-03-05 12:44:41,567 - INFO - uploading logs to cloud
2023-03-05 12:44:41,568 - INFO - uploading logs to cloud
2023-03-05 12:44:41,570 - INFO - uploading logs to cloud
2023-03-05 12:44:41,571 - INFO - uploading logs to cloud
2023-03-05 12:44:41,572 - INFO - uploading logs to cloud
2023-03-05 12:44:41,573 - INFO - uploading logs to cloud
2023-03-05 12:44:41,575 - INFO - uploading logs to cloud
2023-03-05 12:44:41,576 - INFO - uploading logs to cloud
2023-03-05 12:44:41,577 - INFO - uploading logs to cloud
2023-03-05 12:44:41,579 - INFO - uploading logs to cloud
2023-03-05 12:44:41,580 - INFO - uploading logs to cloud
2023-03-05 12:44:41,581 - INFO - uploading logs to cloud
2023-03-05 12:44:41,582 - INFO - uploading logs to cloud
2023-03-05 12:44:41,584 - INFO - uploading logs to cloud
2023-03-05 12:44:41,587 - INFO - uploading logs to cloud
2023-03-05 12:44:41,589 - INFO - uploading logs to cloud
2023-03-05 12:44:41,589 - INFO - uploading logs to cloud
2023-03-05 12:44:41,590 - INFO - uploading logs to cloud
2023-03-05 12:44:41,593 - INFO - uploading logs to cloud
2023-03-05 12:44:41,594 - INFO - uploading logs to cloud
2023-03-05 12:44:41,595 - INFO - uploading logs to cloud
2023-03-05 12:44:41,596 - INFO - uploading logs to cloud
2023-03-05 12:44:41,597 - INFO - uploading logs to cloud
2023-03-05 12:44:41,598 - INFO - uploading logs to cloud
2023-03-05 12:44:41,599 - INFO - uploading logs to cloud
2023-03-05 12:44:41,599 - INFO - uploading logs to cloud
2023-03-05 12:44:41,600 - INFO - uploading logs to cloud
2023-03-05 12:44:41,601 - INFO - uploading logs to cloud
2023-03-05 12:44:41,602 - INFO - uploading logs to cloud
2023-03-05 12:44:41,603 - INFO - uploading logs to cloud
2023-03-05 12:44:41,604 - INFO - uploading logs to cloud
2023-03-05 12:44:41,605 - INFO - uploading logs to cloud
2023-03-05 12:44:41,607 - INFO - uploading logs to cloud
2023-03-05 12:44:41,608 - INFO - uploading logs to cloud
2023-03-05 12:44:41,608 - INFO - uploading logs to cloud
2023-03-05 12:44:41,609 - INFO - uploading logs to cloud
2023-03-05 12:44:41,610 - INFO - uploading logs to cloud
2023-03-05 12:44:41,611 - INFO - uploading logs to cloud
2023-03-05 12:44:41,612 - INFO - uploading logs to cloud
2023-03-05 12:44:41,613 - INFO - uploading logs to cloud
2023-03-05 12:44:41,614 - INFO - uploading logs to cloud
2023-03-05 12:44:41,615 - INFO - uploading logs to cloud
2023-03-05 12:44:41,616 - INFO - uploading logs to cloud
2023-03-05 12:44:41,617 - INFO - uploading logs to cloud
2023-03-05 12:44:41,618 - INFO - uploading logs to cloud
2023-03-05 12:44:41,618 - INFO - uploading logs to cloud
2023-03-05 12:44:41,619 - INFO - uploading logs to cloud
2023-03-05 12:44:41,620 - INFO - uploading logs to cloud
2023-03-05 12:44:41,621 - INFO - uploading logs to cloud
2023-03-05 12:44:41,622 - INFO - uploading logs to cloud
2023-03-05 12:44:41,623 - INFO - uploading logs to cloud
2023-03-05 12:44:41,623 - INFO - uploading logs to cloud
2023-03-05 12:44:41,624 - INFO - uploading logs to cloud
2023-03-05 12:44:41,625 - INFO - uploading logs to cloud
2023-03-05 12:44:41,626 - INFO - uploading logs to cloud
2023-03-05 12:44:41,627 - INFO - uploading logs to cloud
2023-03-05 12:44:41,628 - INFO - uploading logs to cloud
2023-03-05 12:44:41,629 - INFO - uploading logs to cloud
2023-03-05 12:44:41,630 - INFO - uploading logs to cloud
2023-03-05 12:44:41,631 - INFO - uploading logs to cloud
2023-03-05 12:44:41,632 - INFO - uploading logs to cloud
2023-03-05 12:44:41,633 - INFO - uploading logs to cloud
2023-03-05 12:44:41,634 - INFO - uploading logs to cloud
2023-03-05 12:44:41,634 - INFO - uploading logs to cloud
2023-03-05 12:44:41,635 - INFO - uploading logs to cloud
2023-03-05 12:44:41,636 - INFO - uploading logs to cloud
2023-03-05 12:44:41,637 - INFO - uploading logs to cloud
2023-03-05 12:44:41,638 - INFO - uploading logs to cloud
2023-03-05 12:44:41,639 - INFO - uploading logs to cloud
2023-03-05 12:44:41,640 - INFO - uploading logs to cloud
2023-03-05 12:44:41,642 - INFO - uploading logs to cloud
2023-03-05 12:44:41,643 - INFO - uploading logs to cloud
2023-03-05 12:44:41,644 - INFO - uploading logs to cloud
2023-03-05 12:44:41,645 - INFO - uploading logs to cloud
2023-03-05 12:44:41,645 - INFO - uploading logs to cloud
2023-03-05 12:44:41,646 - INFO - uploading logs to cloud
2023-03-05 12:44:41,647 - INFO - uploading logs to cloud
2023-03-05 12:44:41,648 - INFO - uploading logs to cloud
2023-03-05 12:44:41,649 - INFO - uploading logs to cloud
2023-03-05 12:44:41,650 - INFO - uploading logs to cloud
2023-03-05 12:44:41,651 - INFO - uploading logs to cloud
2023-03-05 12:44:41,652 - INFO - uploading logs to cloud
2023-03-05 12:44:41,653 - INFO - uploading logs to cloud
2023-03-05 12:44:41,654 - INFO - uploading logs to cloud
2023-03-05 12:44:41,655 - INFO - uploading logs to cloud
2023-03-05 12:44:41,656 - INFO - uploading logs to cloud
2023-03-05 12:44:41,656 - INFO - uploading logs to cloud
2023-03-05 12:44:41,657 - INFO - uploading logs to cloud
2023-03-05 12:44:41,658 - INFO - uploading logs to cloud
2023-03-05 12:44:41,659 - INFO - uploading logs to cloud
2023-03-05 12:44:41,660 - INFO - uploading logs to cloud
2023-03-05 12:44:41,661 - INFO - uploading logs to cloud
2023-03-05 12:44:41,661 - INFO - uploading logs to cloud
2023-03-05 12:44:41,662 - INFO - uploading logs to cloud
2023-03-05 12:44:41,663 - INFO - uploading logs to cloud
2023-03-05 12:44:41,664 - INFO - uploading logs to cloud
2023-03-05 12:44:41,665 - INFO - uploading logs to cloud
2023-03-05 12:44:41,666 - INFO - uploading logs to cloud
2023-03-05 12:44:41,670 - INFO - uploading logs to cloud
2023-03-05 12:44:41,672 - INFO - uploading logs to cloud
2023-03-05 12:44:41,673 - INFO - uploading logs to cloud
2023-03-05 12:44:41,674 - INFO - uploading logs to cloud
2023-03-05 12:44:41,674 - INFO - uploading logs to cloud
2023-03-05 12:44:41,675 - INFO - uploading logs to cloud
2023-03-05 12:44:41,676 - INFO - uploading logs to cloud
2023-03-05 12:44:41,677 - INFO - uploading logs to cloud
2023-03-05 12:44:41,677 - INFO - uploading logs to cloud
2023-03-05 12:44:41,678 - INFO - uploading logs to cloud
2023-03-05 12:44:41,679 - INFO - uploading logs to cloud
2023-03-05 12:44:41,680 - INFO - uploading logs to cloud
2023-03-05 12:44:41,681 - INFO - uploading logs to cloud
2023-03-05 12:44:41,682 - INFO - uploading logs to cloud
2023-03-05 12:44:41,682 - INFO - uploading logs to cloud
2023-03-05 12:44:41,683 - INFO - uploading logs to cloud
2023-03-05 12:44:41,684 - INFO - uploading logs to cloud
2023-03-05 12:44:41,685 - INFO - uploading logs to cloud
2023-03-05 12:44:41,686 - INFO - uploading logs to cloud
2023-03-05 12:44:41,687 - INFO - uploading logs to cloud
2023-03-05 12:44:41,688 - INFO - uploading logs to cloud
2023-03-05 12:44:41,689 - INFO - uploading logs to cloud
2023-03-05 12:44:41,689 - INFO - uploading logs to cloud
2023-03-05 12:44:41,690 - INFO - uploading logs to cloud
2023-03-05 12:44:41,691 - INFO - uploading logs to cloud
2023-03-05 12:44:41,692 - INFO - uploading logs to cloud
2023-03-05 12:44:41,693 - INFO - uploading logs to cloud
2023-03-05 12:44:41,694 - INFO - uploading logs to cloud
2023-03-05 12:44:41,695 - INFO - uploading logs to cloud
2023-03-05 12:44:41,695 - INFO - uploading logs to cloud
2023-03-05 12:44:41,696 - INFO - uploading logs to cloud
2023-03-05 12:44:41,697 - INFO - uploading logs to cloud
2023-03-05 12:44:41,698 - INFO - uploading logs to cloud
2023-03-05 12:44:41,699 - INFO - uploading logs to cloud
2023-03-05 12:44:41,700 - INFO - uploading logs to cloud
2023-03-05 12:44:41,701 - INFO - uploading logs to cloud
2023-03-05 12:44:41,702 - INFO - uploading logs to cloud
2023-03-05 12:44:41,702 - INFO - uploading logs to cloud
2023-03-05 12:44:41,703 - INFO - uploading logs to cloud
2023-03-05 12:44:41,704 - INFO - uploading logs to cloud
2023-03-05 12:44:41,705 - INFO - uploading logs to cloud
2023-03-05 12:44:41,706 - INFO - uploading logs to cloud
2023-03-05 12:44:41,707 - INFO - uploading logs to cloud
2023-03-05 12:44:41,708 - INFO - uploading logs to cloud
2023-03-05 12:44:41,709 - INFO - uploading logs to cloud
2023-03-05 12:44:41,710 - INFO - uploading logs to cloud
2023-03-05 12:44:41,711 - INFO - uploading logs to cloud
2023-03-05 12:44:41,712 - INFO - uploading logs to cloud
2023-03-05 12:44:41,712 - INFO - uploading logs to cloud
2023-03-05 12:44:41,713 - INFO - uploading logs to cloud
2023-03-05 12:44:41,714 - INFO - uploading logs to cloud
2023-03-05 12:44:41,715 - INFO - uploading logs to cloud
2023-03-05 12:44:41,716 - INFO - uploading logs to cloud
2023-03-05 12:44:41,717 - INFO - uploading logs to cloud
2023-03-05 12:44:41,718 - INFO - uploading logs to cloud
2023-03-05 12:44:41,719 - INFO - uploading logs to cloud
2023-03-05 12:44:41,720 - INFO - uploading logs to cloud
2023-03-05 12:44:41,721 - INFO - uploading logs to cloud
2023-03-05 12:44:41,722 - INFO - uploading logs to cloud
2023-03-05 12:44:41,722 - INFO - uploading logs to cloud
2023-03-05 12:44:41,723 - INFO - uploading logs to cloud
2023-03-05 12:44:41,724 - INFO - uploading logs to cloud
2023-03-05 12:44:41,725 - INFO - uploading logs to cloud
2023-03-05 12:44:41,726 - INFO - uploading logs to cloud
2023-03-05 12:44:41,727 - INFO - uploading logs to cloud
2023-03-05 12:44:41,728 - INFO - uploading logs to cloud
2023-03-05 12:44:41,728 - INFO - uploading logs to cloud
2023-03-05 12:44:41,729 - INFO - uploading logs to cloud
2023-03-05 12:44:41,730 - INFO - uploading logs to cloud
2023-03-05 12:44:41,731 - INFO - uploading logs to cloud
2023-03-05 12:44:41,732 - INFO - uploading logs to cloud
2023-03-05 12:44:41,733 - INFO - uploading logs to cloud
2023-03-05 12:44:41,734 - INFO - uploading logs to cloud
2023-03-05 12:44:41,735 - INFO - uploading logs to cloud
2023-03-05 12:44:41,736 - INFO - uploading logs to cloud
2023-03-05 12:44:41,736 - INFO - uploading logs to cloud
2023-03-05 12:44:41,737 - INFO - uploading logs to cloud
2023-03-05 12:44:41,738 - INFO - uploading logs to cloud
2023-03-05 12:44:41,739 - INFO - uploading logs to cloud
2023-03-05 12:44:41,740 - INFO - uploading logs to cloud
2023-03-05 12:44:41,741 - INFO - uploading logs to cloud
2023-03-05 12:44:41,743 - INFO - uploading logs to cloud
2023-03-05 12:44:41,744 - INFO - uploading logs to cloud
2023-03-05 12:44:41,745 - INFO - uploading logs to cloud
2023-03-05 12:44:41,746 - INFO - uploading logs to cloud
2023-03-05 12:44:41,747 - INFO - uploading logs to cloud
2023-03-05 12:44:41,748 - INFO - uploading logs to cloud
2023-03-05 12:44:41,749 - INFO - uploading logs to cloud
2023-03-05 12:44:41,750 - INFO - uploading logs to cloud
2023-03-05 12:44:41,751 - INFO - uploading logs to cloud
2023-03-05 12:44:41,751 - INFO - uploading logs to cloud
2023-03-05 12:44:41,752 - INFO - uploading logs to cloud
2023-03-05 12:44:41,753 - INFO - uploading logs to cloud
2023-03-05 12:44:41,754 - INFO - uploading logs to cloud
2023-03-05 12:44:41,755 - INFO - uploading logs to cloud
2023-03-05 12:44:41,756 - INFO - uploading logs to cloud
2023-03-05 12:44:41,757 - INFO - uploading logs to cloud
2023-03-05 12:44:41,758 - INFO - uploading logs to cloud
2023-03-05 12:44:41,759 - INFO - uploading logs to cloud
2023-03-05 12:44:41,760 - INFO - uploading logs to cloud
2023-03-05 12:44:41,761 - INFO - uploading logs to cloud
2023-03-05 12:44:41,762 - INFO - uploading logs to cloud
2023-03-05 12:44:41,763 - INFO - uploading logs to cloud
2023-03-05 12:44:41,764 - INFO - uploading logs to cloud
2023-03-05 12:44:41,764 - INFO - uploading logs to cloud
2023-03-05 12:44:41,765 - INFO - uploading logs to cloud
2023-03-05 12:44:41,766 - INFO - uploading logs to cloud
2023-03-05 12:44:41,767 - INFO - uploading logs to cloud
2023-03-05 12:44:41,768 - INFO - uploading logs to cloud
2023-03-05 12:44:41,769 - INFO - uploading logs to cloud
2023-03-05 12:44:41,770 - INFO - uploading logs to cloud
2023-03-05 12:44:41,770 - INFO - uploading logs to cloud
2023-03-05 12:44:41,771 - INFO - uploading logs to cloud
2023-03-05 12:44:41,772 - INFO - uploading logs to cloud
2023-03-05 12:44:41,773 - INFO - uploading logs to cloud
2023-03-05 12:44:41,774 - INFO - uploading logs to cloud
2023-03-05 12:44:41,775 - INFO - uploading logs to cloud
2023-03-05 12:44:41,776 - INFO - uploading logs to cloud
2023-03-05 12:44:41,776 - INFO - uploading logs to cloud
2023-03-05 12:44:41,777 - INFO - uploading logs to cloud
2023-03-05 12:44:41,778 - INFO - uploading logs to cloud
2023-03-05 12:44:41,779 - INFO - uploading logs to cloud
2023-03-05 12:44:41,780 - INFO - uploading logs to cloud
2023-03-05 12:44:41,781 - INFO - uploading logs to cloud
2023-03-05 12:44:41,781 - INFO - uploading logs to cloud
2023-03-05 12:44:41,782 - INFO - uploading logs to cloud
2023-03-05 12:44:41,783 - INFO - uploading logs to cloud
2023-03-05 12:44:41,784 - INFO - uploading logs to cloud
2023-03-05 12:44:41,785 - INFO - uploading logs to cloud
2023-03-05 12:44:41,786 - INFO - uploading logs to cloud
2023-03-05 12:44:41,787 - INFO - uploading logs to cloud
2023-03-05 12:44:41,788 - INFO - uploading logs to cloud
2023-03-05 12:44:41,792 - INFO - uploading logs to cloud
2023-03-05 12:44:41,794 - INFO - uploading logs to cloud
2023-03-05 12:44:41,795 - INFO - uploading logs to cloud
2023-03-05 12:44:41,796 - INFO - uploading logs to cloud
2023-03-05 12:44:41,796 - INFO - uploading logs to cloud
2023-03-05 12:44:41,797 - INFO - uploading logs to cloud
2023-03-05 12:44:41,798 - INFO - uploading logs to cloud
2023-03-05 12:44:41,799 - INFO - uploading logs to cloud
2023-03-05 12:44:41,800 - INFO - uploading logs to cloud
2023-03-05 12:44:41,801 - INFO - uploading logs to cloud
2023-03-05 12:44:41,802 - INFO - uploading logs to cloud
2023-03-05 12:44:41,803 - INFO - uploading logs to cloud
2023-03-05 12:44:41,804 - INFO - uploading logs to cloud
2023-03-05 12:44:41,805 - INFO - uploading logs to cloud
2023-03-05 12:44:41,806 - INFO - uploading logs to cloud
2023-03-05 12:44:41,807 - INFO - uploading logs to cloud
2023-03-05 12:44:41,808 - INFO - uploading logs to cloud
2023-03-05 12:44:41,809 - INFO - uploading logs to cloud
2023-03-05 12:44:41,810 - INFO - uploading logs to cloud
2023-03-05 12:44:41,810 - INFO - uploading logs to cloud
2023-03-05 12:44:41,811 - INFO - uploading logs to cloud
2023-03-05 12:44:41,812 - INFO - uploading logs to cloud
2023-03-05 12:44:41,813 - INFO - uploading logs to cloud
2023-03-05 12:44:41,814 - INFO - uploading logs to cloud
2023-03-05 12:44:41,815 - INFO - uploading logs to cloud
2023-03-05 12:44:41,816 - INFO - uploading logs to cloud
2023-03-05 12:44:41,817 - INFO - uploading logs to cloud
2023-03-05 12:44:41,818 - INFO - uploading logs to cloud
2023-03-05 12:44:41,823 - INFO - uploading logs to cloud
2023-03-05 12:44:41,824 - INFO - uploading logs to cloud
2023-03-05 12:44:41,825 - INFO - uploading logs to cloud
2023-03-05 12:44:41,826 - INFO - uploading logs to cloud
2023-03-05 12:44:41,827 - INFO - uploading logs to cloud
2023-03-05 12:44:41,828 - INFO - uploading logs to cloud
2023-03-05 12:44:41,829 - INFO - uploading logs to cloud
2023-03-05 12:44:41,830 - INFO - uploading logs to cloud
2023-03-05 12:44:41,831 - INFO - uploading logs to cloud
2023-03-05 12:44:41,832 - INFO - uploading logs to cloud
2023-03-05 12:44:41,833 - INFO - uploading logs to cloud
2023-03-05 12:44:41,833 - INFO - uploading logs to cloud
2023-03-05 12:44:41,834 - INFO - uploading logs to cloud
2023-03-05 12:44:41,835 - INFO - uploading logs to cloud
2023-03-05 12:44:41,836 - INFO - uploading logs to cloud
2023-03-05 12:44:41,837 - INFO - uploading logs to cloud
2023-03-05 12:44:41,841 - INFO - uploading logs to cloud
2023-03-05 12:44:41,843 - INFO - uploading logs to cloud
2023-03-05 12:44:41,844 - INFO - uploading logs to cloud
2023-03-05 12:44:41,844 - INFO - uploading logs to cloud
2023-03-05 12:44:41,845 - INFO - uploading logs to cloud
2023-03-05 12:44:41,846 - INFO - uploading logs to cloud
2023-03-05 12:44:41,847 - INFO - uploading logs to cloud
2023-03-05 12:44:41,851 - INFO - uploading logs to cloud
2023-03-05 12:44:41,853 - INFO - uploading logs to cloud
2023-03-05 12:44:41,853 - INFO - uploading logs to cloud
2023-03-05 12:44:41,858 - INFO - uploading logs to cloud
2023-03-05 12:44:41,859 - INFO - uploading logs to cloud
2023-03-05 12:44:41,860 - INFO - uploading logs to cloud
2023-03-05 12:44:41,861 - INFO - uploading logs to cloud
2023-03-05 12:44:41,861 - INFO - uploading logs to cloud
2023-03-05 12:44:41,866 - INFO - uploading logs to cloud
2023-03-05 12:44:41,871 - INFO - uploading logs to cloud
2023-03-05 12:44:41,875 - INFO - uploading logs to cloud
2023-03-05 12:44:41,880 - INFO - uploading logs to cloud
2023-03-05 12:44:41,885 - INFO - uploading logs to cloud
2023-03-05 12:44:41,890 - INFO - uploading logs to cloud
2023-03-05 12:44:41,895 - INFO - uploading logs to cloud
2023-03-05 12:44:41,895 - INFO - uploading logs to cloud
2023-03-05 12:44:41,896 - INFO - uploading logs to cloud
2023-03-05 12:44:41,897 - INFO - uploading logs to cloud
2023-03-05 12:44:41,897 - INFO - uploading logs to cloud
2023-03-05 12:44:41,902 - INFO - uploading logs to cloud
2023-03-05 12:44:41,906 - INFO - uploading logs to cloud
2023-03-05 12:44:41,910 - INFO - uploading logs to cloud
2023-03-05 12:44:41,915 - INFO - uploading logs to cloud
2023-03-05 12:44:41,919 - INFO - uploading logs to cloud
2023-03-05 12:44:41,924 - INFO - uploading logs to cloud
2023-03-05 12:44:41,928 - INFO - uploading logs to cloud
2023-03-05 12:44:41,932 - INFO - uploading logs to cloud
2023-03-05 12:44:41,937 - INFO - uploading logs to cloud
2023-03-05 12:44:41,941 - INFO - uploading logs to cloud
2023-03-05 12:44:41,945 - INFO - uploading logs to cloud
2023-03-05 12:44:41,949 - INFO - uploading logs to cloud
2023-03-05 12:44:41,950 - INFO - uploading logs to cloud
2023-03-05 12:44:41,951 - INFO - uploading logs to cloud
2023-03-05 12:44:41,952 - INFO - uploading logs to cloud
2023-03-05 12:44:41,952 - INFO - uploading logs to cloud
2023-03-05 12:44:41,956 - INFO - uploading logs to cloud
2023-03-05 12:44:41,957 - INFO - uploading logs to cloud
2023-03-05 12:44:41,958 - INFO - uploading logs to cloud
2023-03-05 12:44:41,962 - INFO - uploading logs to cloud
2023-03-05 12:44:41,963 - INFO - uploading logs to cloud
2023-03-05 12:44:41,964 - INFO - uploading logs to cloud
2023-03-05 12:44:41,969 - INFO - uploading logs to cloud
2023-03-05 12:44:41,970 - INFO - uploading logs to cloud
2023-03-05 12:44:41,970 - INFO - uploading logs to cloud
2023-03-05 12:44:41,972 - INFO - uploading logs to cloud
2023-03-05 12:44:41,973 - INFO - uploading logs to cloud
2023-03-05 12:44:41,973 - INFO - uploading logs to cloud
2023-03-05 12:44:41,974 - INFO - uploading logs to cloud
2023-03-05 12:44:41,979 - INFO - uploading logs to cloud
2023-03-05 12:44:41,980 - INFO - uploading logs to cloud
2023-03-05 12:44:41,980 - INFO - uploading logs to cloud
2023-03-05 12:44:41,985 - INFO - uploading logs to cloud
2023-03-05 12:44:41,986 - INFO - uploading logs to cloud
2023-03-05 12:44:41,987 - INFO - uploading logs to cloud
2023-03-05 12:44:41,988 - INFO - uploading logs to cloud
2023-03-05 12:44:41,989 - INFO - uploading logs to cloud
2023-03-05 12:44:41,993 - INFO - uploading logs to cloud
2023-03-05 12:44:41,994 - INFO - uploading logs to cloud
2023-03-05 12:44:41,995 - INFO - uploading logs to cloud
2023-03-05 12:44:41,999 - INFO - uploading logs to cloud
2023-03-05 12:44:42,000 - INFO - uploading logs to cloud
2023-03-05 12:44:42,001 - INFO - uploading logs to cloud
2023-03-05 12:44:42,002 - INFO - uploading logs to cloud
2023-03-05 12:44:42,003 - INFO - uploading logs to cloud
2023-03-05 12:44:42,007 - INFO - uploading logs to cloud
2023-03-05 12:44:42,008 - INFO - uploading logs to cloud
2023-03-05 12:44:42,009 - INFO - uploading logs to cloud
2023-03-05 12:44:42,014 - INFO - uploading logs to cloud
2023-03-05 12:44:42,015 - INFO - uploading logs to cloud
2023-03-05 12:44:42,015 - INFO - uploading logs to cloud
2023-03-05 12:44:42,017 - INFO - uploading logs to cloud
2023-03-05 12:44:42,017 - INFO - uploading logs to cloud
2023-03-05 12:44:42,018 - INFO - uploading logs to cloud
2023-03-05 12:44:42,023 - INFO - uploading logs to cloud
2023-03-05 12:44:42,024 - INFO - uploading logs to cloud
2023-03-05 12:44:42,025 - INFO - uploading logs to cloud
2023-03-05 12:44:42,026 - INFO - uploading logs to cloud
2023-03-05 12:44:42,026 - INFO - uploading logs to cloud
2023-03-05 12:44:42,031 - INFO - uploading logs to cloud
2023-03-05 12:44:42,032 - INFO - uploading logs to cloud
2023-03-05 12:44:42,033 - INFO - uploading logs to cloud
2023-03-05 12:44:42,034 - INFO - uploading logs to cloud
2023-03-05 12:44:42,035 - INFO - uploading logs to cloud
2023-03-05 12:44:42,039 - INFO - uploading logs to cloud
2023-03-05 12:44:42,040 - INFO - uploading logs to cloud
2023-03-05 12:44:42,041 - INFO - uploading logs to cloud
2023-03-05 12:44:42,042 - INFO - uploading logs to cloud
2023-03-05 12:44:42,043 - INFO - uploading logs to cloud
2023-03-05 12:44:42,047 - INFO - uploading logs to cloud
2023-03-05 12:44:42,048 - INFO - uploading logs to cloud
2023-03-05 12:44:42,049 - INFO - uploading logs to cloud
2023-03-05 12:44:42,051 - INFO - uploading logs to cloud
2023-03-05 12:44:42,051 - INFO - uploading logs to cloud
2023-03-05 12:44:42,056 - INFO - uploading logs to cloud
2023-03-05 12:44:42,057 - INFO - uploading logs to cloud
2023-03-05 12:44:42,057 - INFO - uploading logs to cloud
2023-03-05 12:44:42,059 - INFO - uploading logs to cloud
2023-03-05 12:44:42,059 - INFO - uploading logs to cloud
2023-03-05 12:44:42,064 - INFO - uploading logs to cloud
2023-03-05 12:44:42,065 - INFO - uploading logs to cloud
2023-03-05 12:44:42,065 - INFO - uploading logs to cloud
2023-03-05 12:44:42,067 - INFO - uploading logs to cloud
2023-03-05 12:44:42,068 - INFO - uploading logs to cloud
2023-03-05 12:44:42,069 - INFO - uploading logs to cloud
2023-03-05 12:44:42,069 - INFO - uploading logs to cloud
2023-03-05 12:44:42,074 - INFO - uploading logs to cloud
2023-03-05 12:44:42,076 - INFO - uploading logs to cloud
2023-03-05 12:44:42,077 - INFO - uploading logs to cloud
2023-03-05 12:44:42,081 - INFO - uploading logs to cloud
2023-03-05 12:44:42,082 - INFO - uploading logs to cloud
2023-03-05 12:44:42,082 - INFO - uploading logs to cloud
2023-03-05 12:44:42,087 - INFO - uploading logs to cloud
2023-03-05 12:44:42,088 - INFO - uploading logs to cloud
2023-03-05 12:44:42,089 - INFO - uploading logs to cloud
2023-03-05 12:44:42,090 - INFO - uploading logs to cloud
2023-03-05 12:44:42,090 - INFO - uploading logs to cloud
2023-03-05 12:44:42,091 - INFO - uploading logs to cloud
2023-03-05 12:44:42,092 - INFO - uploading logs to cloud
2023-03-05 12:44:42,093 - INFO - uploading logs to cloud
2023-03-05 12:44:42,093 - INFO - uploading logs to cloud
2023-03-05 12:44:42,094 - INFO - uploading logs to cloud
2023-03-05 12:44:42,095 - INFO - uploading logs to cloud
2023-03-05 12:44:42,096 - INFO - uploading logs to cloud
2023-03-05 12:44:42,097 - INFO - uploading logs to cloud
2023-03-05 12:44:42,101 - INFO - uploading logs to cloud
2023-03-05 12:44:42,102 - INFO - uploading logs to cloud
2023-03-05 12:44:42,103 - INFO - uploading logs to cloud
2023-03-05 12:44:42,108 - INFO - uploading logs to cloud
2023-03-05 12:44:42,108 - INFO - uploading logs to cloud
2023-03-05 12:44:42,109 - INFO - uploading logs to cloud
2023-03-05 12:44:42,114 - INFO - uploading logs to cloud
2023-03-05 12:44:42,115 - INFO - uploading logs to cloud
2023-03-05 12:44:42,115 - INFO - uploading logs to cloud
2023-03-05 12:44:42,120 - INFO - uploading logs to cloud
2023-03-05 12:44:42,121 - INFO - uploading logs to cloud
2023-03-05 12:44:42,122 - INFO - uploading logs to cloud
2023-03-05 12:44:42,126 - INFO - uploading logs to cloud
2023-03-05 12:44:42,127 - INFO - uploading logs to cloud
2023-03-05 12:44:42,128 - INFO - uploading logs to cloud
2023-03-05 12:44:42,132 - INFO - uploading logs to cloud
2023-03-05 12:44:42,133 - INFO - uploading logs to cloud
2023-03-05 12:44:42,138 - INFO - uploading logs to cloud
2023-03-05 12:44:42,139 - INFO - uploading logs to cloud
2023-03-05 12:44:42,139 - INFO - uploading logs to cloud
2023-03-05 12:44:42,143 - INFO - uploading logs to cloud
2023-03-05 12:44:42,148 - INFO - uploading logs to cloud
2023-03-05 12:44:42,149 - INFO - uploading logs to cloud
2023-03-05 12:44:42,149 - INFO - uploading logs to cloud
2023-03-05 12:44:42,154 - INFO - uploading logs to cloud
2023-03-05 12:44:42,155 - INFO - uploading logs to cloud
2023-03-05 12:44:42,156 - INFO - uploading logs to cloud
2023-03-05 12:44:42,156 - INFO - uploading logs to cloud
2023-03-05 12:44:42,157 - INFO - uploading logs to cloud
2023-03-05 12:44:42,158 - INFO - uploading logs to cloud
2023-03-05 12:44:42,158 - INFO - uploading logs to cloud
2023-03-05 12:44:42,163 - INFO - uploading logs to cloud
2023-03-05 12:44:42,164 - INFO - uploading logs to cloud
2023-03-05 12:44:42,164 - INFO - uploading logs to cloud
2023-03-05 12:44:42,169 - INFO - uploading logs to cloud
2023-03-05 12:44:42,170 - INFO - uploading logs to cloud
2023-03-05 12:44:42,170 - INFO - uploading logs to cloud
2023-03-05 12:44:42,175 - INFO - uploading logs to cloud
2023-03-05 12:44:42,176 - INFO - uploading logs to cloud
2023-03-05 12:44:42,176 - INFO - uploading logs to cloud
2023-03-05 12:44:42,181 - INFO - uploading logs to cloud
2023-03-05 12:44:42,182 - INFO - uploading logs to cloud
2023-03-05 12:44:42,182 - INFO - uploading logs to cloud
2023-03-05 12:44:42,187 - INFO - uploading logs to cloud
2023-03-05 12:44:42,187 - INFO - uploading logs to cloud
2023-03-05 12:44:42,188 - INFO - uploading logs to cloud
2023-03-05 12:44:42,192 - INFO - uploading logs to cloud
2023-03-05 12:44:42,196 - INFO - uploading logs to cloud
2023-03-05 12:44:42,198 - INFO - uploading logs to cloud
2023-03-05 12:44:42,198 - INFO - uploading logs to cloud
2023-03-05 12:44:42,203 - INFO - uploading logs to cloud
2023-03-05 12:44:42,207 - INFO - uploading logs to cloud
2023-03-05 12:44:42,211 - INFO - uploading logs to cloud
2023-03-05 12:44:42,216 - INFO - uploading logs to cloud
2023-03-05 12:44:42,220 - INFO - uploading logs to cloud
2023-03-05 12:44:42,225 - INFO - uploading logs to cloud
2023-03-05 12:44:42,229 - INFO - uploading logs to cloud
2023-03-05 12:44:42,233 - INFO - uploading logs to cloud
2023-03-05 12:44:42,238 - INFO - uploading logs to cloud
2023-03-05 12:44:42,242 - INFO - uploading logs to cloud
2023-03-05 12:44:42,247 - INFO - uploading logs to cloud
2023-03-05 12:44:42,251 - INFO - uploading logs to cloud
2023-03-05 12:44:42,257 - INFO - uploading logs to cloud
2023-03-05 12:44:42,262 - INFO - uploading logs to cloud
2023-03-05 12:44:42,262 - INFO - uploading logs to cloud
2023-03-05 12:44:42,263 - INFO - uploading logs to cloud
2023-03-05 12:44:42,267 - INFO - uploading logs to cloud
2023-03-05 12:44:42,273 - INFO - uploading logs to cloud
2023-03-05 12:44:42,277 - INFO - uploading logs to cloud
2023-03-05 12:44:42,281 - INFO - uploading logs to cloud
2023-03-05 12:44:42,286 - INFO - uploading logs to cloud
2023-03-05 12:44:42,290 - INFO - uploading logs to cloud
2023-03-05 12:44:42,294 - INFO - uploading logs to cloud
2023-03-05 12:44:42,295 - INFO - uploading logs to cloud
2023-03-05 12:44:42,296 - INFO - uploading logs to cloud
2023-03-05 12:44:42,300 - INFO - uploading logs to cloud
2023-03-05 12:44:42,304 - INFO - uploading logs to cloud
2023-03-05 12:44:42,309 - INFO - uploading logs to cloud
2023-03-05 12:44:42,313 - INFO - uploading logs to cloud
2023-03-05 12:44:42,317 - INFO - uploading logs to cloud
2023-03-05 12:44:42,321 - INFO - uploading logs to cloud
2023-03-05 12:44:42,322 - INFO - uploading logs to cloud
2023-03-05 12:44:42,323 - INFO - uploading logs to cloud
2023-03-05 12:44:42,327 - INFO - uploading logs to cloud
2023-03-05 12:44:42,332 - INFO - uploading logs to cloud
2023-03-05 12:44:42,336 - INFO - uploading logs to cloud
2023-03-05 12:44:42,340 - INFO - uploading logs to cloud
2023-03-05 12:44:42,345 - INFO - uploading logs to cloud
2023-03-05 12:44:42,349 - INFO - uploading logs to cloud
2023-03-05 12:44:42,353 - INFO - uploading logs to cloud
2023-03-05 12:44:42,358 - INFO - uploading logs to cloud
2023-03-05 12:44:42,362 - INFO - uploading logs to cloud
2023-03-05 12:44:42,367 - INFO - uploading logs to cloud
2023-03-05 12:44:42,368 - INFO - uploading logs to cloud
2023-03-05 12:44:42,368 - INFO - uploading logs to cloud
2023-03-05 12:44:42,372 - INFO - uploading logs to cloud
2023-03-05 12:44:42,373 - INFO - uploading logs to cloud
2023-03-05 12:44:42,374 - INFO - uploading logs to cloud
2023-03-05 12:44:42,378 - INFO - uploading logs to cloud
2023-03-05 12:44:42,383 - INFO - uploading logs to cloud
2023-03-05 12:44:42,387 - INFO - uploading logs to cloud
2023-03-05 12:44:42,391 - INFO - uploading logs to cloud
2023-03-05 12:44:42,396 - INFO - uploading logs to cloud
2023-03-05 12:44:42,400 - INFO - uploading logs to cloud
2023-03-05 12:44:42,404 - INFO - uploading logs to cloud
2023-03-05 12:44:42,408 - INFO - uploading logs to cloud
2023-03-05 12:44:42,412 - INFO - uploading logs to cloud
2023-03-05 12:44:42,417 - INFO - uploading logs to cloud
2023-03-05 12:44:42,421 - INFO - uploading logs to cloud
2023-03-05 12:44:42,422 - INFO - uploading logs to cloud
2023-03-05 12:44:42,423 - INFO - uploading logs to cloud
2023-03-05 12:44:42,427 - INFO - uploading logs to cloud
2023-03-05 12:44:42,431 - INFO - uploading logs to cloud
2023-03-05 12:44:42,435 - INFO - uploading logs to cloud
2023-03-05 12:44:42,440 - INFO - uploading logs to cloud
2023-03-05 12:44:42,444 - INFO - uploading logs to cloud
2023-03-05 12:44:42,448 - INFO - uploading logs to cloud
2023-03-05 12:44:42,453 - INFO - uploading logs to cloud
2023-03-05 12:44:42,457 - INFO - uploading logs to cloud
2023-03-05 12:44:42,461 - INFO - uploading logs to cloud
2023-03-05 12:44:42,465 - INFO - uploading logs to cloud
2023-03-05 12:44:42,470 - INFO - uploading logs to cloud
2023-03-05 12:44:42,474 - INFO - uploading logs to cloud
2023-03-05 12:44:42,479 - INFO - uploading logs to cloud
2023-03-05 12:44:42,483 - INFO - uploading logs to cloud
2023-03-05 12:44:42,487 - INFO - uploading logs to cloud
2023-03-05 12:44:42,491 - INFO - uploading logs to cloud
2023-03-05 12:44:42,496 - INFO - uploading logs to cloud
2023-03-05 12:44:42,500 - INFO - uploading logs to cloud
2023-03-05 12:44:42,504 - INFO - uploading logs to cloud
2023-03-05 12:44:42,509 - INFO - uploading logs to cloud
2023-03-05 12:44:42,513 - INFO - uploading logs to cloud
2023-03-05 12:44:42,517 - INFO - uploading logs to cloud
2023-03-05 12:44:42,521 - INFO - uploading logs to cloud
2023-03-05 12:44:42,525 - INFO - uploading logs to cloud
2023-03-05 12:44:42,530 - INFO - uploading logs to cloud
2023-03-05 12:44:42,534 - INFO - uploading logs to cloud
2023-03-05 12:44:42,540 - INFO - uploading logs to cloud
2023-03-05 12:44:42,545 - INFO - uploading logs to cloud
2023-03-05 12:44:42,549 - INFO - uploading logs to cloud
2023-03-05 12:44:42,553 - INFO - uploading logs to cloud
2023-03-05 12:44:42,557 - INFO - uploading logs to cloud
2023-03-05 12:44:42,562 - INFO - uploading logs to cloud
2023-03-05 12:44:42,566 - INFO - uploading logs to cloud
2023-03-05 12:44:42,570 - INFO - uploading logs to cloud
2023-03-05 12:44:42,574 - INFO - uploading logs to cloud
2023-03-05 12:44:42,579 - INFO - uploading logs to cloud
2023-03-05 12:44:42,583 - INFO - uploading logs to cloud
2023-03-05 12:44:42,588 - INFO - uploading logs to cloud
2023-03-05 12:44:42,592 - INFO - uploading logs to cloud
2023-03-05 12:44:42,592 - INFO - uploading logs to cloud
2023-03-05 12:44:42,593 - INFO - uploading logs to cloud
2023-03-05 12:44:42,594 - INFO - uploading logs to cloud
2023-03-05 12:44:42,594 - INFO - uploading logs to cloud
2023-03-05 12:44:42,599 - INFO - uploading logs to cloud
2023-03-05 12:44:42,599 - INFO - uploading logs to cloud
2023-03-05 12:44:42,600 - INFO - uploading logs to cloud
2023-03-05 12:44:42,604 - INFO - uploading logs to cloud
2023-03-05 12:44:42,609 - INFO - uploading logs to cloud
2023-03-05 12:44:42,613 - INFO - uploading logs to cloud
2023-03-05 12:44:42,617 - INFO - uploading logs to cloud
2023-03-05 12:44:42,623 - INFO - uploading logs to cloud
2023-03-05 12:44:42,627 - INFO - uploading logs to cloud
2023-03-05 12:44:42,632 - INFO - uploading logs to cloud
2023-03-05 12:45:30,378 - INFO - uploading logs to cloud
2023-03-05 12:45:58,056 - INFO - uploading logs to cloud
2023-03-05 12:46:59,594 - INFO - uploading logs to cloud
2023-03-05 12:46:59,612 - INFO - False
2023-03-05 12:47:13,508 - INFO - uploading logs to cloud
2023-03-05 12:47:13,537 - INFO - False
2023-03-05 12:47:36,406 - INFO - uploading logs to cloud
2023-03-05 12:47:36,426 - INFO - True
2023-03-05 12:47:36,428 - INFO - File found: Launcher.bat
2023-03-05 12:47:52,547 - INFO - uploading logs to cloud
2023-03-05 12:47:52,565 - INFO - False
2023-03-05 12:48:02,456 - INFO - uploading logs to cloud
2023-03-05 12:48:02,475 - INFO - False
2023-03-05 12:49:05,647 - INFO - uploading logs to cloud
2023-03-05 12:49:05,665 - INFO - False
2023-03-05 12:50:18,663 - INFO - uploading logs to cloud
2023-03-05 12:50:18,689 - INFO - True
2023-03-05 12:50:18,692 - INFO - File found: chatlogs.txt
2023-03-05 12:55:06,597 - INFO - uploading logs to cloud
2023-03-05 12:55:06,615 - INFO - True
2023-03-05 12:55:06,618 - INFO - File found: chatlogs.txt
2023-03-05 12:55:06,626 - WARNING - Compute Engine Metadata server unavailable on attempt 1 of 3. Reason: [WinError 10051] A socket operation was attempted to an unreachable network
2023-03-05 12:55:06,632 - WARNING - Compute Engine Metadata server unavailable on attempt 2 of 3. Reason: [WinError 10051] A socket operation was attempted to an unreachable network
2023-03-05 12:55:06,635 - WARNING - Compute Engine Metadata server unavailable on attempt 3 of 3. Reason: [WinError 10051] A socket operation was attempted to an unreachable network
2023-03-05 12:55:06,636 - WARNING - Authentication failed using Compute Engine authentication due to unavailable metadata server.
2023-03-05 12:58:29,472 - INFO - uploading logs to cloud
2023-03-05 12:58:29,496 - INFO - False
2023-03-05 12:58:44,464 - INFO - uploading logs to cloud
2023-03-05 12:58:44,465 - INFO - True
2023-03-05 12:58:44,468 - INFO - File found: chatlogs.txt
2023-03-05 12:58:44,473 - WARNING - Compute Engine Metadata server unavailable on attempt 1 of 3. Reason: [WinError 10051] A socket operation was attempted to an unreachable network
2023-03-05 12:58:44,493 - WARNING - Compute Engine Metadata server unavailable on attempt 2 of 3. Reason: [WinError 10051] A socket operation was attempted to an unreachable network
2023-03-05 12:58:44,498 - WARNING - Compute Engine Metadata server unavailable on attempt 3 of 3. Reason: [WinError 10051] A socket operation was attempted to an unreachable network
2023-03-05 12:58:44,500 - WARNING - Authentication failed using Compute Engine authentication due to unavailable metadata server.
2023-03-05 12:59:26,491 - INFO - uploading logs to cloud
2023-03-05 12:59:26,521 - INFO - True
2023-03-05 12:59:26,525 - INFO - File found: chatlogs.txt
2023-03-05 12:59:26,531 - WARNING - Compute Engine Metadata server unavailable on attempt 1 of 3. Reason: [WinError 10051] A socket operation was attempted to an unreachable network
2023-03-05 12:59:26,539 - WARNING - Compute Engine Metadata server unavailable on attempt 2 of 3. Reason: [WinError 10051] A socket operation was attempted to an unreachable network
2023-03-05 12:59:26,539 - WARNING - Compute Engine Metadata server unavailable on attempt 3 of 3. Reason: [WinError 10051] A socket operation was attempted to an unreachable network
2023-03-05 12:59:26,539 - WARNING - Authentication failed using Compute Engine authentication due to unavailable metadata server.
2023-03-05 13:02:14,261 - INFO - uploading logs to cloud
2023-03-05 13:02:14,280 - INFO - True
2023-03-05 13:02:14,281 - INFO - File found: chatlogs.txt
2023-03-05 13:02:14,286 - WARNING - Compute Engine Metadata server unavailable on attempt 1 of 3. Reason: [WinError 10051] A socket operation was attempted to an unreachable network
2023-03-05 13:02:14,307 - WARNING - Compute Engine Metadata server unavailable on attempt 2 of 3. Reason: [WinError 10051] A socket operation was attempted to an unreachable network
2023-03-05 13:02:14,323 - WARNING - Compute Engine Metadata server unavailable on attempt 3 of 3. Reason: [WinError 10051] A socket operation was attempted to an unreachable network
2023-03-05 13:02:14,323 - WARNING - Authentication failed using Compute Engine authentication due to unavailable metadata server.
2023-03-05 13:23:33,987 - INFO - uploading logs to cloud
2023-03-05 13:23:34,007 - INFO - True
2023-03-05 13:23:34,011 - INFO - File found: chatlogs.txt
2023-03-05 13:23:50,440 - INFO - uploading logs to cloud
2023-03-05 13:23:50,461 - INFO - False
2023-03-05 13:24:08,287 - INFO - uploading logs to cloud
2023-03-05 13:24:08,307 - INFO - False
2023-03-05 13:24:17,037 - INFO - uploading logs to cloud
2023-03-05 13:24:17,056 - INFO - False
2023-03-05 13:24:17,250 - INFO - Current Version: _2023-03-05T00:28:08Z
2023-03-05 13:24:17,250 - INFO - Latest Version: _2023-03-05T00:28:08Z
2023-03-05 13:24:17,326 - INFO - Current Version: _2023-03-05T00:28:08Z
2023-03-05 13:24:17,327 - INFO - Latest Version: _2023-03-05T00:28:08Z
2023-03-05 13:24:17,327 - INFO - Starting Game
2023-03-05 13:24:52,494 - INFO - uploading logs to cloud
2023-03-05 13:24:52,522 - INFO - True
2023-03-05 13:24:52,526 - INFO - File found: chatlogs.txt
2023-03-05 13:24:53,256 - INFO - Current Version: _2023-03-05T00:28:08Z
2023-03-05 13:24:53,256 - INFO - Latest Version: _2023-03-05T00:28:08Z
2023-03-05 13:24:53,328 - INFO - Current Version: _2023-03-05T00:28:08Z
2023-03-05 13:24:53,328 - INFO - Latest Version: _2023-03-05T00:28:08Z
2023-03-05 13:24:53,329 - INFO - Starting Game
2023-03-05 13:27:44,417 - INFO - uploading logs to cloud
2023-03-05 13:27:44,435 - INFO - False
2023-03-05 13:27:44,627 - INFO - Current Version: _2023-03-05T00:28:08Z
2023-03-05 13:27:44,627 - INFO - Latest Version: _2023-03-05T00:28:08Z
2023-03-05 13:27:44,816 - INFO - Current Version: _2023-03-05T00:28:08Z
2023-03-05 13:27:44,816 - INFO - Latest Version: _2023-03-05T00:28:08Z
2023-03-05 13:27:44,819 - INFO - Starting Game
2023-03-05 13:28:10,090 - INFO - uploading logs to cloud
2023-03-05 13:28:10,118 - INFO - True
2023-03-05 13:28:10,123 - INFO - File found: chatlogs.txt
2023-03-05 13:28:10,708 - INFO - Current Version: _2023-03-05T00:28:08Z
2023-03-05 13:28:10,708 - INFO - Latest Version: _2023-03-05T00:28:08Z
2023-03-05 13:28:10,778 - INFO - Current Version: _2023-03-05T00:28:08Z
2023-03-05 13:28:10,779 - INFO - Latest Version: _2023-03-05T00:28:08Z
2023-03-05 13:28:10,779 - INFO - Starting Game
